exports[`<App /> renders loaded app 1`] = `"<div class=\"App\"><header class=\"App__header\"><h3 class=\"App__from\">Sevenoaks</h3><h3 class=\"App__to\"><span>to</span> West Hampstead Thameslink</h3><span class=\"App__operated-by\">Operated by Thameslink</span></header><main><ul class=\"ServiceUpdates\"><li><div class=\"CallingPoint -departed\"><time class=\"CallingPoint__scheduled-at\">10:00</time><div class=\"CallingPoint__indicator -departed -origin\"></div><dl class=\"CallingPoint__status\"><dt class=\"CallingPoint__station\">Sevenoaks</dt><dd class=\"CallingPoint__estimated-at\">Dept. On time</dd></dl></div></li><li><div class=\"CallingPoint -departed\"><time class=\"CallingPoint__scheduled-at\">10:03</time><div class=\"CallingPoint__indicator -departed\"></div><dl class=\"CallingPoint__status\"><dt class=\"CallingPoint__station\">Bat &amp; Ball</dt><dd class=\"CallingPoint__estimated-at\">Dept. On time</dd></dl></div></li><li><div class=\"CallingPoint -departed\"><time class=\"CallingPoint__scheduled-at\">10:07</time><div class=\"CallingPoint__indicator -departed\"></div><dl class=\"CallingPoint__status\"><dt class=\"CallingPoint__station\">Otford</dt><dd class=\"CallingPoint__estimated-at\">Dept. 10:10</dd></dl></div></li><li><div class=\"CallingPoint -departed\"><time class=\"CallingPoint__scheduled-at\">10:10</time><div class=\"CallingPoint__indicator -departed\"></div><dl class=\"CallingPoint__status\"><dt class=\"CallingPoint__station\">Shoreham (Kent)</dt><dd class=\"CallingPoint__estimated-at\">Dept. 10:14</dd></dl></div></li><li><div class=\"CallingPoint -departed\"><time class=\"CallingPoint__scheduled-at\">10:13</time><div class=\"CallingPoint__indicator -departed\"></div><dl class=\"CallingPoint__status\"><dt class=\"CallingPoint__station\">Eynsford</dt><dd class=\"CallingPoint__estimated-at\">Dept. 10:18</dd></dl></div></li><li><div class=\"CallingPoint -departed\"><time class=\"CallingPoint__scheduled-at\">10:18</time><div class=\"CallingPoint__indicator -departed\"></div><dl class=\"CallingPoint__status\"><dt class=\"CallingPoint__station\">Swanley</dt><dd class=\"CallingPoint__estimated-at\">Dept. 10:23</dd></dl></div></li><li><div class=\"CallingPoint -departed\"><time class=\"CallingPoint__scheduled-at\">10:22</time><div class=\"CallingPoint__indicator -departed\"></div><dl class=\"CallingPoint__status\"><dt class=\"CallingPoint__station\">St Mary Cray</dt><dd class=\"CallingPoint__estimated-at\">Dept. 10:27</dd></dl></div></li><li><div class=\"CallingPoint -departed\"><time class=\"CallingPoint__scheduled-at\">10:27</time><div class=\"CallingPoint__indicator -departed\"></div><dl class=\"CallingPoint__status\"><dt class=\"CallingPoint__station\">Bickley</dt><dd class=\"CallingPoint__estimated-at\">Dept. 10:37</dd></dl></div></li><li><div class=\"CallingPoint -departed\"><time class=\"CallingPoint__scheduled-at\">10:30</time><div class=\"CallingPoint__indicator -departed\"></div><dl class=\"CallingPoint__status\"><dt class=\"CallingPoint__station\">Bromley South</dt><dd class=\"CallingPoint__estimated-at\">Dept. 10:39</dd></dl></div></li><li><div class=\"CallingPoint -departed\"><time class=\"CallingPoint__scheduled-at\">10:32</time><div class=\"CallingPoint__indicator -departed\"></div><dl class=\"CallingPoint__status\"><dt class=\"CallingPoint__station\">Shortlands</dt><dd class=\"CallingPoint__estimated-at\">Dept. 10:42</dd></dl></div></li><li><div class=\"CallingPoint -departed\"><time class=\"CallingPoint__scheduled-at\">10:35</time><div class=\"CallingPoint__indicator -departed\"></div><dl class=\"CallingPoint__status\"><dt class=\"CallingPoint__station\">Ravensbourne</dt><dd class=\"CallingPoint__estimated-at\">Dept. 10:45</dd></dl></div></li><li><div class=\"CallingPoint -departed\"><time class=\"CallingPoint__scheduled-at\">10:37</time><div class=\"CallingPoint__indicator -departed\"></div><dl class=\"CallingPoint__status\"><dt class=\"CallingPoint__station\">Beckenham Hill</dt><dd class=\"CallingPoint__estimated-at\">Dept. 10:47</dd></dl></div></li><li><div class=\"CallingPoint -departed\"><time class=\"CallingPoint__scheduled-at\">10:39</time><div class=\"CallingPoint__indicator -departed\"></div><dl class=\"CallingPoint__status\"><dt class=\"CallingPoint__station\">Bellingham</dt><dd class=\"CallingPoint__estimated-at\">Dept. 10:49</dd></dl></div></li><li><div class=\"CallingPoint -departed\"><time class=\"CallingPoint__scheduled-at\">10:42</time><div class=\"CallingPoint__indicator -departed\"></div><dl class=\"CallingPoint__status\"><dt class=\"CallingPoint__station\">Catford</dt><dd class=\"CallingPoint__estimated-at\">Dept. 10:52</dd></dl></div></li><li><div class=\"CallingPoint -departed\"><time class=\"CallingPoint__scheduled-at\">10:44</time><div class=\"CallingPoint__indicator -departed -train-here\"><div class=\"CallingPoint__train -departed\"></div></div><dl class=\"CallingPoint__status\"><dt class=\"CallingPoint__station\">Crofton Park</dt><dd class=\"CallingPoint__estimated-at\">Dept. 10:55</dd></dl></div></li><li><div class=\"CallingPoint\"><time class=\"CallingPoint__scheduled-at\">10:47</time><div class=\"CallingPoint__indicator\"></div><dl class=\"CallingPoint__status\"><dt class=\"CallingPoint__station\">Nunhead</dt><dd class=\"CallingPoint__estimated-at\">Exp. 10:57</dd></dl></div></li><li><div class=\"CallingPoint\"><time class=\"CallingPoint__scheduled-at\">10:50</time><div class=\"CallingPoint__indicator\"></div><dl class=\"CallingPoint__status\"><dt class=\"CallingPoint__station\">Peckham Rye</dt><dd class=\"CallingPoint__estimated-at\">Exp. 11:00</dd></dl></div></li><li><div class=\"CallingPoint\"><time class=\"CallingPoint__scheduled-at\">10:54</time><div class=\"CallingPoint__indicator\"></div><dl class=\"CallingPoint__status\"><dt class=\"CallingPoint__station\">Denmark Hill</dt><dd class=\"CallingPoint__estimated-at\">Exp. 11:03</dd></dl></div></li><li><div class=\"CallingPoint\"><time class=\"CallingPoint__scheduled-at\">11:00</time><div class=\"CallingPoint__indicator\"></div><dl class=\"CallingPoint__status\"><dt class=\"CallingPoint__station\">Elephant &amp; Castle</dt><dd class=\"CallingPoint__estimated-at\">Exp. 11:09</dd></dl></div></li><li><div class=\"CallingPoint\"><time class=\"CallingPoint__scheduled-at\">11:04</time><div class=\"CallingPoint__indicator\"></div><dl class=\"CallingPoint__status\"><dt class=\"CallingPoint__station\">London Blackfriars</dt><dd class=\"CallingPoint__estimated-at\">Exp. 11:13</dd></dl></div></li><li><div class=\"CallingPoint\"><time class=\"CallingPoint__scheduled-at\">11:06</time><div class=\"CallingPoint__indicator\"></div><dl class=\"CallingPoint__status\"><dt class=\"CallingPoint__station\">City Thameslink</dt><dd class=\"CallingPoint__estimated-at\">Exp. 11:15</dd></dl></div></li><li><div class=\"CallingPoint\"><time class=\"CallingPoint__scheduled-at\">11:10</time><div class=\"CallingPoint__indicator\"></div><dl class=\"CallingPoint__status\"><dt class=\"CallingPoint__station\">Farringdon Underground</dt><dd class=\"CallingPoint__estimated-at\">Exp. 11:18</dd></dl></div></li><li><div class=\"CallingPoint\"><time class=\"CallingPoint__scheduled-at\">11:14</time><div class=\"CallingPoint__indicator\"></div><dl class=\"CallingPoint__status\"><dt class=\"CallingPoint__station\">London St Pancras (Intl)</dt><dd class=\"CallingPoint__estimated-at\">Exp. 11:21</dd></dl></div></li><li><div class=\"CallingPoint\"><time class=\"CallingPoint__scheduled-at\">11:18</time><div class=\"CallingPoint__indicator\"></div><dl class=\"CallingPoint__status\"><dt class=\"CallingPoint__station\">Kentish Town</dt><dd class=\"CallingPoint__estimated-at\">Exp. 11:25</dd></dl></div></li><li><div class=\"CallingPoint\"><time class=\"CallingPoint__scheduled-at\">11:23</time><div class=\"CallingPoint__indicator -destination\"></div><dl class=\"CallingPoint__status\"><dt class=\"CallingPoint__station\">West Hampstead Thameslink</dt><dd class=\"CallingPoint__estimated-at\">Exp. 11:29</dd></dl></div></li></ul></main><footer>by janoist1@gmail.com</footer></div>"`;

exports[`<App /> renders loading 1`] = `"<div>Loading ...</div>"`;
